Restart Now	Neustart
Install Now	Installieren
Download Now	Herunterladen
Defer	Verschieben
Defer Until Tomorrow	Auf Morgen verschieben
Defer Until	Verschieben bis
Schedule Restart	Neustart planen
Schedule Installation	Installation planen
Reschedule	Umplanen
Cancel	Abbrechen
Minutes	Minuten
Hour	Stunde
Hours	Stunden
and	und
Software Update Workflow Starting	Software-Update wird gestartet
The software update workflow has started, and you will be notified if this computer needs to restart.\n\nDuring this time you can continue to use the computer or lock the screen, but please do not restart or sleep the computer as it will prolong the macOS software update process.	Das Software-Update wurde gestartet. Eine Benachrichtigung erfolgt, falls ein Neustart erforderlich ist.\n\nDer Computer kann während dieser Zeit weiterhin verwendet oder gesperrt werden. Bitte den Computer nicht neustarten oder in den Ruhezustand versetzen.
Downloading ${display_string_workflow_title}	${display_string_workflow_title} wird heruntergeladen
The ${display_string_workflow_title} is downloading from Apple. This may take a while, but you will be notified before this computer automatically restarts.\n\nDuring this time you can continue to use the computer or lock the screen, but please do not restart or sleep the computer as it will prolong the update/upgrade process.	Das ${display_string_workflow_title} wird von Apple heruntergeladen. Dies kann einige Zeit dauern. Eine Benachrichtigung erfolgt vor dem automatischen Neustart.\n\nDer Computer kann während dieser Zeit weiterhin verwendet oder gesperrt werden. Bitte den Computer nicht neustarten oder in den Ruhezustand versetzen.
Update Workflow Complete	Update-Prozess abgeschlossen
All software is already up to date or is the latest version allowed by management.	Betriebssystem ist bereits aktuell oder entspricht der neuesten zugelassenen Version.
${display_string_workflow_title} Failed	${display_string_workflow_title} fehlgeschlagen
${display_string_workflow_title} installation failed to complete.\n\nYou can try again or consider contacting your technical support team if you're experiencing consistent failures.	${display_string_workflow_title} Installation konnte nicht abgeschlossen werden.\n\nBitte erneut versuchen oder bei wiederholten Fehlern das IT-Team kontaktieren.
Running Jamf Pro Policy ${jamf_policy_trigger}	Führt ${jamf_policy_trigger} aus.
During this time you can continue to use the computer or lock the screen, but please do not restart or sleep the computer as it will prolong the process.	Währenddessen kann der Computer weiterhin benutzt werden. Bitte den Computer nicht in den Ruhezustand versetzen oder neustarten, da dies den Updateprozess verlängert.
A scheduled installation date of ${display_string_scheduled_install} has passed.\n\nDuring this time you can continue to use the computer or lock the screen, but please do not restart or sleep the computer as it will prolong the process.	Eine geplante Installation vom ${display_string_scheduled_install} ist abgelaufen.\n\nWährenddessen kann der Computer weiterhin benutzt werden. Bitte den Computer nicht in den Ruhezustand versetzen oder neustarten, da dies den Updateprozess verlängert.
You have deferred the maximum number of ${display_string_deadline_count_maximum} times.\n\nDuring this time you can continue to use the computer or lock the screen, but please do not restart or sleep the computer as it will prolong the process.	Die Höchstanzahl an Verschiebungen von ${display_string_deadline_count_maximum} wurde erreicht.\n\nWährenddessen kann der Computer weiterhin benutzt werden. Bitte den Computer nicht in den Ruhezustand versetzen oder neustarten, da dies den Updateprozess verlängert.
The deferment deadline of ${display_string_deadline} has passed.\n\nDuring this time you can continue to use the computer or lock the screen, but please do not restart or sleep the computer as it will prolong the process.	Die Frist zum Aufschieben am ${display_string_deadline} ist abgelaufen.\n\nWährenddessen kann der Computer weiterhin benutzt werden. Bitte den Computer nicht in den Ruhezustand versetzen oder neustarten, da dies den Updateprozess verlängert.
${display_string_workflow_title} System Restart	${display_string_workflow_title} benötigt einen Neustart
A required software update will automatically restart this computer in about ${display_string_prepare_time_estimate} minutes.\n\nDuring this time you can continue to use the computer or lock the screen, but please do not restart or sleep the computer as it will prolong the update process.	Ein Softwareupdate wird den Computer in ungefähr ${display_string_prepare_time_estimate} Minuten neustarten.\n\nWährenddessen kann der Computer weiterhin benutzt werden. Bitte den Computer nicht in den Ruhezustand versetzen oder neustarten, da dies den Updateprozess verlängert.
A scheduled installation date of ${display_string_scheduled_install} has passed.\n\nA required software update will automatically restart this computer in about ${display_string_prepare_time_estimate} minutes.\n\nDuring this time you can continue to use the computer or lock the screen, but please do not restart or sleep the computer as it will prolong the update process.	Eine geplante Installation vom ${display_string_scheduled_install} ist abgelaufen.\n\nEin Softwareupdate wird den Computer in ungefähr ${display_string_prepare_time_estimate} Minuten neustarten.\n\nDer Prozess kann eine Weile dauern. Bevor ein Neustart nötig wird, gibt es eine Benachrichtigung.\n\nBitte den Computer nicht in den Ruhezustand versetzen oder neustarten, da dies den Updateprozess verlängert.
You have deferred the maximum number of ${display_string_deadline_count_maximum} times.\n\nA required software update will automatically restart this computer in about ${display_string_prepare_time_estimate} minutes.\n\nDuring this time you can continue to use the computer or lock the screen, but please do not restart or sleep the computer as it will prolong the update process.	Die Höchstanzahl an Verschiebungen von ${display_string_deadline_count_maximum} wurde erreicht.\n\nEin Softwareupdate wird den Computer in ungefähr ${display_string_prepare_time_estimate} Minuten neustarten.\n\nDer Prozess kann eine Weile dauern. Bevor ein Neustart nötig wird, gibt es eine Benachrichtigung.\n\nBitte den Computer nicht in den Ruhezustand versetzen oder neustarten, da dies den Updateprozess verlängert.
The deferment deadline of ${display_string_deadline} has passed.\n\nA required software update will automatically restart this computer in about ${display_string_prepare_time_estimate} minutes.\n\nDuring this time you can continue to use the computer or lock the screen, but please do not restart or sleep the computer as it will prolong the update process.	Die Frist zum Aufschieben am ${display_string_deadline} ist abgelaufen.\n\nEin Softwareupdate wird den Computer in ungefähr ${display_string_prepare_time_estimate} Minuten neustarten.\n\nDer Prozess kann eine Weile dauern. Bevor ein Neustart nötig wird, gibt es eine Benachrichtigung.\n\nBitte den Computer nicht in den Ruhezustand versetzen oder neustarten, da dies den Updateprozess verlängert.
This computer will automatically restart very soon.\n\nSave any open documents now.	Der Computer startet in wenigen Augenblicken neu.\n\nAlle offenen Dokumente jetzt speichern.
A scheduled installation date of ${display_string_scheduled_install} has passed.\n\nThis computer will automatically restart very soon.\n\nSave any open documents now.	Eine geplante Installation vom ${display_string_scheduled_install} ist abgelaufen.\n\nDer Computer startet in wenigen Augenblicken neu.\n\nAlle offenen Dokumente jetzt speichern.
You have deferred the maximum number of ${display_string_deadline_count_maximum} times.\n\nThis computer will automatically restart very soon.\n\nSave any open documents now.	Die Höchstanzahl an Verschiebungen von ${display_string_deadline_count_maximum} wurde erreicht.\n\nDer Computer startet in wenigen Augenblicken neu.\n\nAlle offenen Dokumente jetzt speichern.
The deferment deadline of ${display_string_deadline} has passed.\n\nThis computer will automatically restart very soon.\n\nSave any open documents now.	Die Frist zum Aufschieben am ${display_string_deadline} ist abgelaufen.\n\nDer Computer startet in wenigen Augenblicken neu.\n\nAlle offenen Dokumente jetzt speichern.
Installing ${display_string_workflow_title} (No Restart)	${display_string_workflow_title} Wird installiert (Kein Neustart nötig)
Required macOS software updates are now installing.\n\nThe computer will not restart but some Apple applications (like Safari) may automatically restart.\n\nThis should only take a few minutes, but please do not restart or sleep the computer as it will interfere with the update process.	Benötigte macOS Aktualisierung wird jetzt installiert.\n\nDer Computer wird nicht neustarten, aber manche Apple Programme (z.B. Safari) starten automatisch neu.\n\nDer Prozess sollte nur wenige Minuten dauern. Bitte den Computer nicht in den Ruhezustand versetzen oder neustarten, da dies den Updateprozess verlängert.
${display_string_workflow_title} installation failed to complete.\n\nYou will be notified later when the installation is attempted again.	Das Update ${display_string_workflow_title} konnte nicht abgeschlossen werden.\n\nDer Computer startet nicht neu, aber es gibt eine Benachrichtigung, sobald das Update erneut versucht wird.
A scheduled installation date of ${display_string_scheduled_install} has passed.\n\nA required macOS update needs ${storage_required_gigabytes} GBs of storage space and only ${storage_available_gigabytes} GBs is available.\n\nPlease use the storage settings (shown behind this notification) to remove unnecessary items.	Eine geplante Installation vom ${display_string_scheduled_install} ist abgelaufen.\n\nEin benötigtes macOS-Update braucht ${storage_required_gigabytes} GB Speicherplatz, aber es sind nur ${storage_available_gigabytes} GB verfügbar.\n\nBitte über die Speichereinstellungen (hinter dieser Benachrichtigung sichtbar) unnötige Objekte entfernen.
You have deferred the maximum number of ${display_string_deadline_count_maximum} times.\n\nA required macOS update needs ${storage_required_gigabytes} GBs of storage space and only ${storage_available_gigabytes} GBs is available.\n\nPlease use the storage settings (shown behind this notification) to remove unnecessary items.	Die Höchstanzahl an Verschiebungen von ${display_string_deadline_count_maximum} wurde erreicht.\n\nEin benötigtes macOS-Update braucht ${storage_required_gigabytes} GB Speicherplatz, aber es sind nur ${storage_available_gigabytes} GB verfügbar.\n\nBitte über die Speichereinstellungen (hinter dieser Benachrichtigung sichtbar) unnötige Objekte entfernen.
The deferment deadline of ${display_string_deadline} has passed.\n\nA required macOS update needs ${storage_required_gigabytes} GBs of storage space and only ${storage_available_gigabytes} GBs is available.\n\nPlease use the storage settings (shown behind this notification) to remove unnecessary items.	Die Frist zum Aufschieben am ${display_string_deadline} ist abgelaufen.\n\nEin benötigtes macOS-Update braucht ${storage_required_gigabytes} GB Speicherplatz, aber es sind nur ${storage_available_gigabytes} GB verfügbar.\n\nBitte über die Speichereinstellungen (hinter dieser Benachrichtigung sichtbar) unnötige Objekte entfernen.
${display_string_workflow_title} Requires Power Source	${display_string_workflow_title} Benötigt Stromversorgung
* Please connect power supply in	* Bitte Netzteil anschliessen in
You must connect this computer to a power supply in order to install the required macOS update.	Der Computer muss mit der Stromversorgung verbunden werden um dieses macOS Update zu installieren
A scheduled installation date of ${display_string_scheduled_install} has passed.\n\nYou must connect this computer to a power supply in order to install the required macOS update.	Eine geplante Installation vom ${display_string_scheduled_install} ist abgelaufen.\n\nDer Computer muss mit der Stromversorgung verbunden werden, um dieses macOS Update zu installieren.
You have deferred the maximum number of ${display_string_deadline_count_maximum} times.\n\nYou must connect this computer to a power supply in order to install the required macOS update.	Die Höchstanzahl an Verschiebungen von ${display_string_deadline_count_maximum} wurde erreicht.\n\nDer Computer muss mit der Stromversorgung verbunden werden um dieses macOS Update zu installieren
The deferment deadline of ${display_string_deadline} has passed.\n\nYou must connect this computer to a power supply in order to install the required macOS update.	Die Frist zum Aufschieben am ${display_string_deadline} ist abgelaufen.\n\nDer Computer muss mit der Stromversorgung verbunden werden um dieses macOS Update zu installieren
${display_string_workflow_title} Requires System Restart	${display_string_workflow_title} Benötigt einen Neustart
${display_string_workflow_title} Requires Installation (No Restart)	${display_string_workflow_title} Muss installiert werden (Kein Neustart nötig)
* Please make selection in	* Bitte Auswahl treffen in
Defer software update for:	Aktualisierung verschieben für:
• No deadline date and unlimited deferrals.\n	• Kein Datum und unlimitierte Verschiebungen.\n
• Deferral available until ${display_string_deadline}.\n	• Verschiebung möglich bis ${display_string_deadline}.\n
• ${display_string_deadline_count} out of ${display_string_deadline_count_maximum} deferrals remaining.\n	• ${display_string_deadline_count} von ${display_string_deadline_count_maximum} verbleibend.\n
• Deferral available until ${display_string_deadline}.\n\n• ${display_string_deadline_count} out of ${display_string_deadline_count_maximum} deferrals remaining.\n	• Verschiebung möglich bis ${display_string_deadline}.\n\n• ${display_string_deadline_count} von ${display_string_deadline_count_maximum} verbleibend.\n
${display_string_workflow_title} Scheduled System Restart	${display_string_workflow_title} Benötigt einen Neustart
${display_string_workflow_title} Scheduled Installation (No Restart)	${display_string_workflow_title} Muss installiert werden (Kein Neustart nötig)
Select schedule below:	Untenstehend Datum auswählen:
• Select a date and time to sechedule this event.	• Datum und Zeitpunkt auswählen um Ausführung zu planen.
• Schedule available until ${display_string_deadline}.\n\n• Select a date and time to sechedule this event.	• Planung verfügbar bis ${display_string_deadline}.\n\n• Datum und Zeitpunkt auswählen um Ausführung zu planen.
${display_string_workflow_title} Scheduled System Restart Reminder	${display_string_workflow_title} Erinnerung für geplanten Neustart
${display_string_workflow_title} Scheduled Installation (No Restart) Reminder	${display_string_workflow_title} Erinnerung für geplante Installation (Kein Neustart nötig)
* Automatic restart in	* Automatischer Neustart in
* Automatic installation in	* Automatische Installation in
• This event is scheduled for ${display_string_scheduled_install}.	• Der Vorgang ist geplant für den ${display_string_scheduled_install}.
• This event is scheduled for ${display_string_scheduled_install}\n\n• Reschedule available until ${display_string_deadline}.	• Der Vorgang ist geplant für den ${display_string_scheduled_install}\n\n• Umplanung möglich bis ${display_string_deadline}.
The date and time you selected was adjusted to coordinate with scheduling requirements.\n\n• This event is scheduled for ${display_string_scheduled_install}.	Der ausgewählte Zeitpunkt wurde angepasst.\n\n• Der Vorgang ist geplant für den ${display_string_scheduled_install}.
The date and time you selected was adjusted to coordinate with scheduling requirements.\n\n• This event is scheduled for ${display_string_scheduled_install}.\n\n• Reschedule available until ${display_string_deadline}.	Der ausgewählte Zeitpunkt wurde angepasst.\n\n• Der Vorgang ist geplant für den ${display_string_scheduled_install}.\n\n• Umplanung möglich bis ${display_string_deadline}.
You have deferred the maximum number of ${display_string_deadline_count_maximum} times.	Die Höchstanzahl an Verschiebungen von ${display_string_deadline_count_maximum} wurde erreicht.
The deferment deadline has passed:\n${display_string_deadline}.	Ein weiterer Aufschub ist nicht möglich:\n${display_string_deadline}.
${display_string_workflow_title} Requires Authentication	${display_string_workflow_title} benötigt Authentifizierung
* Please enter password in	* Bitte Passwort eingeben in
You must enter the password for user \"${current_user_real_name}\" to install ${display_string_workflow_title}.\n	Bitte das Passwort für den Benutzer \"${current_user_real_name}\" eingeben, um ${display_string_workflow_title} zu installieren.\n
You must enter the password for user \"${current_user_real_name}\" to download and prepare ${display_string_workflow_title}.\n	Bitte das Passwort für den Benutzer \"${current_user_real_name}\" eingeben, um den Download von ${display_string_workflow_title} zu starten und vorbereiten.\n
You must enter the password for user \"${current_user_real_name}\" to schedule the installation of ${display_string_workflow_title}.\n	Bitte das Passwort für den Benutzer \"${current_user_real_name}\" eingeben, um die Installation von ${display_string_workflow_title} zu planen.\n
You have deferred the maximum number of ${display_string_deadline_count_maximum} times.\n\nYou must enter the password for user \"${current_user_real_name}\" to install the ${display_string_workflow_title}.\n	Die Höchstanzahl an Verschiebungen von ${display_string_deadline_count_maximum} wurde erreicht.\n\nBitte das Passwort für den Benutzer \"${current_user_real_name}\" eingeben, um ${display_string_workflow_title} zu installieren.\n
The deferment deadline of ${display_string_deadline} has passed.\n\nYou must enter the password for user \"${current_user_real_name}\" to install the ${display_string_workflow_title}.\n	Die Frist zum Aufschieben am ${display_string_deadline} ist abgelaufen.\n\nBitte das Passwort für den Benutzer \"${current_user_real_name}\" eingeben, um ${display_string_workflow_title} zu installieren.\n
Enter Password Here:	Passwort eingeben:
Password Required	Passwort erforderlich
Authentication Failed - Try Password Again:	Authentifizierung fehlgeschlagen - Erneut versuchen:
OK	OK
Apple Software Updates	Apple Software Updates
Jamf Pro Policies	Jamf Pro Policies
Management	Management
Safari ${non_system_msu_safari_target} Update	Safari ${non_system_msu_safari_target} Update
Installing Safari ${non_system_msu_safari_target} Update (No Restart)	Safari ${non_system_msu_safari_target} Update wird installiert (Kein Neustart nötig)
Required Safari update is now installing and Safari will automatically restart when the update is complete.\n\nThis should only take a few moments, but please do not restart or sleep the computer as it will interfere with the update process.	Das benötigte Safari-Update wird jetzt installiert und Safari startet automatisch neu, sobald das Update abgeschlossen ist.\n\nDies sollte nur einen Moment dauern. Bitte den Computer nicht in den Ruhezustand versetzen oder neustarten, da dies den Updateprozess stört.
Insufficient Storage For ${display_string_workflow_title}	Zu wenig Speicherplatz für ${display_string_workflow_title}
* Please remove unecessary items in	* Bitte unnötige Objekte entfernen in
A required macOS update needs ${storage_required_gigabytes} GBs of storage space and only ${storage_available_gigabytes} GBs is available.\n\nPlease use the storage settings (shown behind this notification) to remove unnecessary items.	Ein benötigtes macOS-Update braucht ${storage_required_gigabytes} GB Speicherplatz, aber es sind nur ${storage_available_gigabytes} GB verfügbar.\n\nBitte über die Speichereinstellungen (hinter dieser Benachrichtigung sichtbar) unnötige Objekte entfernen.
